06:06:58 **** Incremental Build of project zynqberry_0 ****
buildplatform.sh 36033 zynqberry_0 no_domain_build 
XSDB Server Channel: tcfchan#9
06:07:04 **** Incremental Build of configuration Debug for project hello_zynqberry ****
make all 
make --no-print-directory pre-build
a9-linaro-pre-build-step
 
make --no-print-directory main-build
Building file: ../src/helloworld.c
Invoking: ARM v7 gcc compiler
arm-none-eabi-gcc -Wall -O0 -g3 -c -fmessage-length=0 -MT"src/helloworld.o" -mcpu=cortex-a9 -mfpu=vfpv3 -mfloat-abi=hard -I/home/parallels/zynqberry_0/vitis_workspace/zynqberry_0/export/zynqberry_0/sw/zynqberry_0/standalone_domain/bspinclude/include -MMD -MP -MF"src/helloworld.d" -MT"src/helloworld.o" -o "src/helloworld.o" "../src/helloworld.c"
Finished building: ../src/helloworld.c
 
Building file: ../src/platform.c
Invoking: ARM v7 gcc compiler
arm-none-eabi-gcc -Wall -O0 -g3 -c -fmessage-length=0 -MT"src/platform.o" -mcpu=cortex-a9 -mfpu=vfpv3 -mfloat-abi=hard -I/home/parallels/zynqberry_0/vitis_workspace/zynqberry_0/export/zynqberry_0/sw/zynqberry_0/standalone_domain/bspinclude/include -MMD -MP -MF"src/platform.d" -MT"src/platform.o" -o "src/platform.o" "../src/platform.c"
Finished building: ../src/platform.c
 
Building target: hello_zynqberry.elf
Invoking: ARM v7 gcc linker
arm-none-eabi-gcc -mcpu=cortex-a9 -mfpu=vfpv3 -mfloat-abi=hard -Wl,-build-id=none -specs=Xilinx.spec -Wl,-T -Wl,../src/lscript.ld -L/home/parallels/zynqberry_0/vitis_workspace/zynqberry_0/export/zynqberry_0/sw/zynqberry_0/standalone_domain/bsplib/lib -o "hello_zynqberry.elf"  ./src/helloworld.o ./src/platform.o   -Wl,--start-group,-lxil,-lgcc,-lc,--end-group
Finished building target: hello_zynqberry.elf
 
Invoking: ARM v7 Print Size
arm-none-eabi-size hello_zynqberry.elf  |tee "hello_zynqberry.elf.size"
   text	   data	    bss	    dec	    hex	filename
  19068	   1144	  22568	  42780	   a71c	hello_zynqberry.elf
Finished building: hello_zynqberry.elf.size
 
06:07:04 **** Incremental Build of configuration Debug for project zynqberry_system ****
make all 
Generating bif file for the system project
Executing command '::scw::generate_bif -xpfm /home/parallels/zynqberry_0/vitis_workspace/zynqberry_0/export/zynqberry_0/zynqberry_0.xpfm -domains standalone_domain -bifpath /home/parallels/zynqberry_0/vitis_workspace/zynqberry_system/Debug/system.bif' on XSCT
sdcard_gen --xpfm /home/parallels/zynqberry_0/vitis_workspace/zynqberry_0/export/zynqberry_0/zynqberry_0.xpfm --sys_config zynqberry_0 --bif /home/parallels/zynqberry_0/vitis_workspace/zynqberry_system/Debug/system.bif --bitstream /home/parallels/zynqberry_0/vitis_workspace/hello_zynqberry/_ide/bitstream/zsys_wrapper.bit --elf /home/parallels/zynqberry_0/vitis_workspace/hello_zynqberry/Debug/hello_zynqberry.elf,ps7_cortexa9_0
creating BOOT.BIN using /home/parallels/zynqberry_0/vitis_workspace/hello_zynqberry/_ide/bitstream/zsys_wrapper.bit
Running /tools/Xilinx/Vitis/2019.2/bin/bootgen  -image /home/parallels/zynqberry_0/vitis_workspace/zynqberry_system/Debug/sd_card_temp/boot.bif -w -o i BOOT.BIN
